
  <ESC>[38;5;80m  ♦ <ESC>[0m<ESC>[1;38;5;80mHermes Safe Update<ESC>[0m                                                                                    <ESC>[38;5;245mThu 1 Oct<ESC>[0m
<ESC>[?25l<ESC>[?25l  <ESC>[K
   <ESC>[38;5;240m── <ESC>[0m<ESC>[38;5;245mHermes Safe Update<ESC>[0m <ESC>[38;5;240m────────────────────────────────────────────────────────────────────────────<ESC>[0m<ESC>[38;5;245m started 9:00 AM<ESC>[0m<ESC>[K
   <ESC>[38;5;236m████████████████████████████████████████████████████████<ESC>[0m<ESC>[1m    0%<ESC>[0m<ESC>[38;5;250m  0:00 elapsed · about 10 min left (rough) · 9:10 AM<ESC>[0m<ESC>[K
  <ESC>[38;5;245m ○ <ESC>[0m<ESC>[38;5;245mStarting…<ESC>[0m<ESC>[K
   <ESC>[38;5;245m○ Check<ESC>[0m<ESC>[38;5;240m ── <ESC>[0m<ESC>[38;5;245m○ Close Hermes<ESC>[0m<ESC>[38;5;240m ── <ESC>[0m<ESC>[38;5;245m○ Update<ESC>[0m<ESC>[38;5;240m ── <ESC>[0m<ESC>[38;5;245m○ Build<ESC>[0m<ESC>[38;5;240m ── <ESC>[0m<ESC>[38;5;245m○ Finish<ESC>[0m<ESC>[K<CR><ESC>[4A<ESC>[J  
  <ESC>[38;5;80;1m 1/5  <ESC>[0m<ESC>[38;5;80;1m◊ Check<ESC>[0m <ESC>[38;5;30m━━━━━━━━━━━━━━━━━━━━━━━━━━━━━━━━━━━━━━━━━━━━━━━━━━━━━━━━━━━━━━━━━━━━━━━━━━━━━━━━━━━━━━━━━━<ESC>[0m<ESC>[38;5;245m 9:00:00 AM<ESC>[0m
<ESC>[?25l  <ESC>[K
   <ESC>[38;5;240m── <ESC>[0m<ESC>[38;5;245mHermes Safe Update<ESC>[0m <ESC>[38;5;240m────────────────────────────────────────────────────────────────────────────<ESC>[0m<ESC>[38;5;245m started 9:00 AM<ESC>[0m<ESC>[K
   <ESC>[38;5;236m████████████████████████████████████████████████████████<ESC>[0m<ESC>[1m    0%<ESC>[0m<ESC>[38;5;250m  0:00 elapsed · about 10 min left (rough) · 9:10 AM<ESC>[0m<ESC>[K
  <ESC>[38;5;80;1m ► <ESC>[0m<ESC>[1mChecking disk, checkout and gateway<ESC>[0m  0:00                                                          <ESC>[38;5;250m step 1 of 19<ESC>[0m<ESC>[K
   <ESC>[38;5;80;1m► Check<ESC>[0m<ESC>[38;5;240m ── <ESC>[0m<ESC>[38;5;245m○ Close Hermes<ESC>[0m<ESC>[38;5;240m ── <ESC>[0m<ESC>[38;5;245m○ Update<ESC>[0m<ESC>[38;5;240m ── <ESC>[0m<ESC>[38;5;245m○ Build<ESC>[0m<ESC>[38;5;240m ── <ESC>[0m<ESC>[38;5;245m○ Finish<ESC>[0m                                         <ESC>[38;5;250m stage 1 of 5<ESC>[0m<ESC>[K<CR><ESC>[4A<ESC>[J     <ESC>[38;5;78m● <ESC>[0m<ESC>[38;5;110mdisk free      <ESC>[0m<ESC>[1m120.4 GB<ESC>[0m (enough)
     <ESC>[38;5;78m● <ESC>[0m<ESC>[38;5;110mcheckout       <ESC>[0mclean
     <ESC>[38;5;78m● <ESC>[0m<ESC>[38;5;110mgateway        <ESC>[0mrunning the new code <ESC>[38;5;183m1b8569f41f<ESC>[0m
<ESC>[?25l  <ESC>[K
   <ESC>[38;5;240m── <ESC>[0m<ESC>[38;5;245mHermes Safe Update<ESC>[0m <ESC>[38;5;240m────────────────────────────────────────────────────────────────────────────<ESC>[0m<ESC>[38;5;245m started 9:00 AM<ESC>[0m<ESC>[K
   <ESC>[38;5;236m████████████████████████████████████████████████████████<ESC>[0m<ESC>[1m    0%<ESC>[0m<ESC>[38;5;250m  0:00 elapsed · about 10 min left (rough) · 9:10 AM<ESC>[0m<ESC>[K
  <ESC>[38;5;80;1m ► <ESC>[0m<ESC>[1mChecking disk, checkout and gateway<ESC>[0m  0:00                                                          <ESC>[38;5;250m step 1 of 19<ESC>[0m<ESC>[K
   <ESC>[38;5;80;1m► Check<ESC>[0m<ESC>[38;5;240m ── <ESC>[0m<ESC>[38;5;245m○ Close Hermes<ESC>[0m<ESC>[38;5;240m ── <ESC>[0m<ESC>[38;5;245m○ Update<ESC>[0m<ESC>[38;5;240m ── <ESC>[0m<ESC>[38;5;245m○ Build<ESC>[0m<ESC>[38;5;240m ── <ESC>[0m<ESC>[38;5;245m○ Finish<ESC>[0m                                         <ESC>[38;5;250m stage 1 of 5<ESC>[0m<ESC>[K<ESC>[?25l<CR><ESC>[4A<ESC>[J  <ESC>[K
   <ESC>[38;5;240m── <ESC>[0m<ESC>[38;5;245mHermes Safe Update<ESC>[0m <ESC>[38;5;240m────────────────────────────────────────────────────────────────────────────<ESC>[0m<ESC>[38;5;245m started 9:00 AM<ESC>[0m<ESC>[K
   <ESC>[38;5;236m████████████████████████████████████████████████████████<ESC>[0m<ESC>[1m    0%<ESC>[0m<ESC>[38;5;250m  0:01 elapsed · about 10 min left (rough) · 9:10 AM<ESC>[0m<ESC>[K
  <ESC>[38;5;80;1m ► <ESC>[0m<ESC>[1mChecking for updates<ESC>[0m  0:00<ESC>[38;5;245m  (usually 1:15)<ESC>[0m                                                         <ESC>[38;5;250m step 2 of 19<ESC>[0m<ESC>[K
   <ESC>[38;5;80;1m► Check<ESC>[0m<ESC>[38;5;240m ── <ESC>[0m<ESC>[38;5;245m○ Close Hermes<ESC>[0m<ESC>[38;5;240m ── <ESC>[0m<ESC>[38;5;245m○ Update<ESC>[0m<ESC>[38;5;240m ── <ESC>[0m<ESC>[38;5;245m○ Build<ESC>[0m<ESC>[38;5;240m ── <ESC>[0m<ESC>[38;5;245m○ Finish<ESC>[0m                                         <ESC>[38;5;250m stage 1 of 5<ESC>[0m<ESC>[K<ESC>[?25l<CR><ESC>[4A<ESC>[J  <ESC>[K
   <ESC>[38;5;240m── <ESC>[0m<ESC>[38;5;245mHermes Safe Update<ESC>[0m <ESC>[38;5;240m────────────────────────────────────────────────────────────────────────────<ESC>[0m<ESC>[38;5;245m started 9:00 AM<ESC>[0m<ESC>[K
   <ESC>[38;2;95;175;255m████<ESC>[0m<ESC>[38;5;236m████████████████████████████████████████████████████<ESC>[0m<ESC>[1m    6%<ESC>[0m<ESC>[38;5;250m   0:41 elapsed · about 9 min left (rough) · 9:10 AM<ESC>[0m<ESC>[K
  <ESC>[38;5;80;1m ► <ESC>[0m<ESC>[1mChecking for updates<ESC>[0m  0:40<ESC>[38;5;245m  (usually 1:15)<ESC>[0m                                                         <ESC>[38;5;250m step 2 of 19<ESC>[0m<ESC>[K
   <ESC>[38;5;80;1m► Check<ESC>[0m<ESC>[38;5;240m ── <ESC>[0m<ESC>[38;5;245m○ Close Hermes<ESC>[0m<ESC>[38;5;240m ── <ESC>[0m<ESC>[38;5;245m○ Update<ESC>[0m<ESC>[38;5;240m ── <ESC>[0m<ESC>[38;5;245m○ Build<ESC>[0m<ESC>[38;5;240m ── <ESC>[0m<ESC>[38;5;245m○ Finish<ESC>[0m                                         <ESC>[38;5;250m stage 1 of 5<ESC>[0m<ESC>[K<CR><ESC>[4A<ESC>[J     <ESC>[38;5;221m● <ESC>[0m<ESC>[38;5;110mupdates        <ESC>[0m<ESC>[1m3<ESC>[0m new commits on main
     <ESC>[38;5;242m● <ESC>[0m<ESC>[38;5;110mversion        <ESC>[0m<ESC>[38;5;183mv0.21.5+4156.g34e09bf<ESC>[0m
     <ESC>[38;5;242m● <ESC>[0m<ESC>[38;5;110mrunning        <ESC>[0mdesktop, gateway ×<ESC>[1m2<ESC>[0m
<ESC>[?25l  <ESC>[K
   <ESC>[38;5;240m── <ESC>[0m<ESC>[38;5;245mHermes Safe Update<ESC>[0m <ESC>[38;5;240m────────────────────────────────────────────────────────────────────────────<ESC>[0m<ESC>[38;5;245m started 9:00 AM<ESC>[0m<ESC>[K
   <ESC>[38;2;95;175;255m████<ESC>[0m<ESC>[38;5;236m████████████████████████████████████████████████████<ESC>[0m<ESC>[1m    6%<ESC>[0m<ESC>[38;5;250m   0:41 elapsed · about 9 min left (rough) · 9:10 AM<ESC>[0m<ESC>[K
  <ESC>[38;5;80;1m ► <ESC>[0m<ESC>[1mChecking for updates<ESC>[0m  0:40<ESC>[38;5;245m  (usually 1:15)<ESC>[0m                                                         <ESC>[38;5;250m step 2 of 19<ESC>[0m<ESC>[K
   <ESC>[38;5;80;1m► Check<ESC>[0m<ESC>[38;5;240m ── <ESC>[0m<ESC>[38;5;245m○ Close Hermes<ESC>[0m<ESC>[38;5;240m ── <ESC>[0m<ESC>[38;5;245m○ Update<ESC>[0m<ESC>[38;5;240m ── <ESC>[0m<ESC>[38;5;245m○ Build<ESC>[0m<ESC>[38;5;240m ── <ESC>[0m<ESC>[38;5;245m○ Finish<ESC>[0m                                         <ESC>[38;5;250m stage 1 of 5<ESC>[0m<ESC>[K<ESC>[?25l<CR><ESC>[4A<ESC>[J  <ESC>[K
   <ESC>[38;5;240m── <ESC>[0m<ESC>[38;5;245mHermes Safe Update<ESC>[0m <ESC>[38;5;240m────────────────────────────────────────────────────────────────────────────<ESC>[0m<ESC>[38;5;245m started 9:00 AM<ESC>[0m<ESC>[K
   <ESC>[38;2;95;175;255m██████<ESC>[0m<ESC>[38;2;95;179;242m█<ESC>[0m<ESC>[38;5;236m█████████████████████████████████████████████████<ESC>[0m<ESC>[1m   12%<ESC>[0m<ESC>[38;5;250m   0:41 elapsed · about 9 min left (rough) · 9:09 AM<ESC>[0m<ESC>[K
  <ESC>[38;5;80;1m ► <ESC>[0m<ESC>[1mLooking for running Hermes processes<ESC>[0m  0:00                                                         <ESC>[38;5;250m step 3 of 19<ESC>[0m<ESC>[K
   <ESC>[38;5;80;1m► Check<ESC>[0m<ESC>[38;5;240m ── <ESC>[0m<ESC>[38;5;245m○ Close Hermes<ESC>[0m<ESC>[38;5;240m ── <ESC>[0m<ESC>[38;5;245m○ Update<ESC>[0m<ESC>[38;5;240m ── <ESC>[0m<ESC>[38;5;245m○ Build<ESC>[0m<ESC>[38;5;240m ── <ESC>[0m<ESC>[38;5;245m○ Finish<ESC>[0m                                         <ESC>[38;5;250m stage 1 of 5<ESC>[0m<ESC>[K<CR><ESC>[4A<ESC>[J     <ESC>[38;5;221m● <ESC>[0m<ESC>[38;5;110msessions       <ESC>[0m<ESC>[1m2<ESC>[0m active
                      <ESC>[38;5;240m· <ESC>[0m<ESC>[38;5;183m20260101_000000_aaaaaa<ESC>[0m<ESC>[38;5;250m  Drafting the weekly project summary<ESC>[0m
                      <ESC>[38;5;240m· <ESC>[0m<ESC>[38;5;183m20260101_000001_bbbbbb<ESC>[0m<ESC>[38;5;250m  Fix the nightly build<ESC>[0m
<ESC>[?25l  <ESC>[K
   <ESC>[38;5;240m── <ESC>[0m<ESC>[38;5;245mHermes Safe Update<ESC>[0m <ESC>[38;5;240m────────────────────────────────────────────────────────────────────────────<ESC>[0m<ESC>[38;5;245m started 9:00 AM<ESC>[0m<ESC>[K
   <ESC>[38;2;95;175;255m██████<ESC>[0m<ESC>[38;2;95;179;242m█<ESC>[0m<ESC>[38;5;236m█████████████████████████████████████████████████<ESC>[0m<ESC>[1m   13%<ESC>[0m<ESC>[38;5;250m   0:44 elapsed · about 9 min left (rough) · 9:09 AM<ESC>[0m<ESC>[K
  <ESC>[38;5;80;1m ► <ESC>[0m<ESC>[1mLooking for running Hermes processes<ESC>[0m  0:03                                                         <ESC>[38;5;250m step 3 of 19<ESC>[0m<ESC>[K
   <ESC>[38;5;80;1m► Check<ESC>[0m<ESC>[38;5;240m ── <ESC>[0m<ESC>[38;5;245m○ Close Hermes<ESC>[0m<ESC>[38;5;240m ── <ESC>[0m<ESC>[38;5;245m○ Update<ESC>[0m<ESC>[38;5;240m ── <ESC>[0m<ESC>[38;5;245m○ Build<ESC>[0m<ESC>[38;5;240m ── <ESC>[0m<ESC>[38;5;245m○ Finish<ESC>[0m                                         <ESC>[38;5;250m stage 1 of 5<ESC>[0m<ESC>[K<CR><ESC>[4A<ESC>[J  
  <ESC>[38;5;215;1m 2/5  <ESC>[0m<ESC>[38;5;215;1m■ Close Hermes<ESC>[0m <ESC>[38;5;130m━━━━━━━━━━━━━━━━━━━━━━━━━━━━━━━━━━━━━━━━━━━━━━━━━━━━━━━━━━━━━━━━━━━━━━━━━━━━━━━━━━━<ESC>[0m<ESC>[38;5;245m 9:00:44 AM<ESC>[0m
<ESC>[?25l  <ESC>[K
   <ESC>[38;5;240m── <ESC>[0m<ESC>[38;5;245mHermes Safe Update<ESC>[0m <ESC>[38;5;240m────────────────────────────────────────────────────────────────────────────<ESC>[0m<ESC>[38;5;245m started 9:00 AM<ESC>[0m<ESC>[K
   <ESC>[38;2;95;175;255m██████<ESC>[0m<ESC>[38;2;95;179;242m█<ESC>[0m<ESC>[38;5;236m█████████████████████████████████████████████████<ESC>[0m<ESC>[1m   13%<ESC>[0m<ESC>[38;5;250m   0:44 elapsed · about 9 min left (rough) · 9:09 AM<ESC>[0m<ESC>[K
  <ESC>[38;5;215;1m ► <ESC>[0m<ESC>[1mWaiting for idle sessions / your OK<ESC>[0m  0:00                                                          <ESC>[38;5;250m step 4 of 20<ESC>[0m<ESC>[K
   <ESC>[38;5;78m√ Check<ESC>[0m<ESC>[38;5;240m ── <ESC>[0m<ESC>[38;5;215;1m► Close Hermes<ESC>[0m<ESC>[38;5;240m ── <ESC>[0m<ESC>[38;5;245m○ Update<ESC>[0m<ESC>[38;5;240m ── <ESC>[0m<ESC>[38;5;245m○ Build<ESC>[0m<ESC>[38;5;240m ── <ESC>[0m<ESC>[38;5;245m○ Finish<ESC>[0m                                         <ESC>[38;5;250m stage 2 of 5<ESC>[0m<ESC>[K<CR><ESC>[4A<ESC>[J  
     <ESC>[38;5;221;1m? <ESC>[0m<ESC>[1mHermes will be closed and updated: about 8 min. Nothing is lost, but the desktop app and the gateway are<ESC>[0m
       <ESC>[1mstopped meanwhile. Press Y to go on, N to cancel.<ESC>[0m
<ESC>[?25l  <ESC>[K
   <ESC>[38;5;240m── <ESC>[0m<ESC>[38;5;245mHermes Safe Update<ESC>[0m <ESC>[38;5;240m────────────────────────────────────────────────────────────────────────────<ESC>[0m<ESC>[38;5;245m started 9:00 AM<ESC>[0m<ESC>[K
   <ESC>[38;2;95;175;255m██████<ESC>[0m<ESC>[38;2;95;179;242m█<ESC>[0m<ESC>[38;5;236m█████████████████████████████████████████████████<ESC>[0m<ESC>[1m   13%<ESC>[0m<ESC>[38;5;250m   0:44 elapsed · about 9 min left (rough) · 9:09 AM<ESC>[0m<ESC>[K
  <ESC>[38;5;215;1m ► <ESC>[0m<ESC>[1mWaiting for idle sessions / your OK<ESC>[0m  0:00                                                          <ESC>[38;5;250m step 4 of 20<ESC>[0m<ESC>[K
   <ESC>[38;5;78m√ Check<ESC>[0m<ESC>[38;5;240m ── <ESC>[0m<ESC>[38;5;215;1m► Close Hermes<ESC>[0m<ESC>[38;5;240m ── <ESC>[0m<ESC>[38;5;245m○ Update<ESC>[0m<ESC>[38;5;240m ── <ESC>[0m<ESC>[38;5;245m○ Build<ESC>[0m<ESC>[38;5;240m ── <ESC>[0m<ESC>[38;5;245m○ Finish<ESC>[0m                                         <ESC>[38;5;250m stage 2 of 5<ESC>[0m<ESC>[K<ESC>[?25l<CR><ESC>[4A<ESC>[J  <ESC>[K
   <ESC>[38;5;240m── <ESC>[0m<ESC>[38;5;245mHermes Safe Update<ESC>[0m <ESC>[38;5;240m────────────────────────────────────────────────────────────────────────────<ESC>[0m<ESC>[38;5;245m started 9:00 AM<ESC>[0m<ESC>[K
   <ESC>[38;5;221m███████<ESC>[0m<ESC>[38;5;236m█████████████████████████████████████████████████<ESC>[0m<ESC>[1m   13%<ESC>[0m<ESC>[38;5;250m                               0:44 elapsed · paused<ESC>[0m<ESC>[K
  <ESC>[38;5;221;1m ► <ESC>[0m<ESC>[38;5;221mWaiting for your answer<ESC>[0m<ESC>[38;5;250m  auto-cancel in 30s<ESC>[0m<ESC>[K
   <ESC>[38;5;78m√ Check<ESC>[0m<ESC>[38;5;240m ── <ESC>[0m<ESC>[38;5;215;1m► Close Hermes<ESC>[0m<ESC>[38;5;240m ── <ESC>[0m<ESC>[38;5;245m○ Update<ESC>[0m<ESC>[38;5;240m ── <ESC>[0m<ESC>[38;5;245m○ Build<ESC>[0m<ESC>[38;5;240m ── <ESC>[0m<ESC>[38;5;245m○ Finish<ESC>[0m                                         <ESC>[38;5;250m stage 2 of 5<ESC>[0m<ESC>[K<ESC>[?25l<CR><ESC>[4A<ESC>[J  <ESC>[K
   <ESC>[38;5;240m── <ESC>[0m<ESC>[38;5;245mHermes Safe Update<ESC>[0m <ESC>[38;5;240m────────────────────────────────────────────────────────────────────────────<ESC>[0m<ESC>[38;5;245m started 9:00 AM<ESC>[0m<ESC>[K
   <ESC>[38;2;95;175;255m██████<ESC>[0m<ESC>[38;2;95;179;242m█<ESC>[0m<ESC>[38;5;236m█████████████████████████████████████████████████<ESC>[0m<ESC>[1m   13%<ESC>[0m<ESC>[38;5;250m   0:44 elapsed · about 9 min left (rough) · 9:09 AM<ESC>[0m<ESC>[K
  <ESC>[38;5;215;1m ► <ESC>[0m<ESC>[1mWaiting for idle sessions / your OK<ESC>[0m  0:00                                                          <ESC>[38;5;250m step 4 of 20<ESC>[0m<ESC>[K
   <ESC>[38;5;78m√ Check<ESC>[0m<ESC>[38;5;240m ── <ESC>[0m<ESC>[38;5;215;1m► Close Hermes<ESC>[0m<ESC>[38;5;240m ── <ESC>[0m<ESC>[38;5;245m○ Update<ESC>[0m<ESC>[38;5;240m ── <ESC>[0m<ESC>[38;5;245m○ Build<ESC>[0m<ESC>[38;5;240m ── <ESC>[0m<ESC>[38;5;245m○ Finish<ESC>[0m                                         <ESC>[38;5;250m stage 2 of 5<ESC>[0m<ESC>[K<ESC>[?25l<CR><ESC>[4A<ESC>[J  <ESC>[K
   <ESC>[38;5;240m── <ESC>[0m<ESC>[38;5;245mHermes Safe Update<ESC>[0m <ESC>[38;5;240m────────────────────────────────────────────────────────────────────────────<ESC>[0m<ESC>[38;5;245m started 9:00 AM<ESC>[0m<ESC>[K
   <ESC>[38;2;95;175;255m██████<ESC>[0m<ESC>[38;2;95;179;242m█<ESC>[0m<ESC>[38;5;236m█████████████████████████████████████████████████<ESC>[0m<ESC>[1m   13%<ESC>[0m<ESC>[38;5;250m   0:44 elapsed · about 9 min left (rough) · 9:09 AM<ESC>[0m<ESC>[K
  <ESC>[38;5;215;1m ► <ESC>[0m<ESC>[1mClosing the desktop app<ESC>[0m  0:00<ESC>[38;5;245m  (usually 0:08)<ESC>[0m                                                      <ESC>[38;5;250m step 4 of 19<ESC>[0m<ESC>[K
   <ESC>[38;5;78m√ Check<ESC>[0m<ESC>[38;5;240m ── <ESC>[0m<ESC>[38;5;215;1m► Close Hermes<ESC>[0m<ESC>[38;5;240m ── <ESC>[0m<ESC>[38;5;245m○ Update<ESC>[0m<ESC>[38;5;240m ── <ESC>[0m<ESC>[38;5;245m○ Build<ESC>[0m<ESC>[38;5;240m ── <ESC>[0m<ESC>[38;5;245m○ Finish<ESC>[0m                                         <ESC>[38;5;250m stage 2 of 5<ESC>[0m<ESC>[K<CR><ESC>[4A<ESC>[J     <ESC>[38;5;80;1mi <ESC>[0mclosing the desktop app (graceful)
<ESC>[?25l  <ESC>[K
   <ESC>[38;5;240m── <ESC>[0m<ESC>[38;5;245mHermes Safe Update<ESC>[0m <ESC>[38;5;240m────────────────────────────────────────────────────────────────────────────<ESC>[0m<ESC>[38;5;245m started 9:00 AM<ESC>[0m<ESC>[K
   <ESC>[38;2;95;175;255m██████<ESC>[0m<ESC>[38;2;95;179;242m█<ESC>[0m<ESC>[38;5;236m█████████████████████████████████████████████████<ESC>[0m<ESC>[1m   13%<ESC>[0m<ESC>[38;5;250m   0:44 elapsed · about 9 min left (rough) · 9:09 AM<ESC>[0m<ESC>[K
  <ESC>[38;5;215;1m ► <ESC>[0m<ESC>[1mClosing the desktop app<ESC>[0m  0:00<ESC>[38;5;245m  (usually 0:08)<ESC>[0m                                                      <ESC>[38;5;250m step 4 of 19<ESC>[0m<ESC>[K
   <ESC>[38;5;78m√ Check<ESC>[0m<ESC>[38;5;240m ── <ESC>[0m<ESC>[38;5;215;1m► Close Hermes<ESC>[0m<ESC>[38;5;240m ── <ESC>[0m<ESC>[38;5;245m○ Update<ESC>[0m<ESC>[38;5;240m ── <ESC>[0m<ESC>[38;5;245m○ Build<ESC>[0m<ESC>[38;5;240m ── <ESC>[0m<ESC>[38;5;245m○ Finish<ESC>[0m                                         <ESC>[38;5;250m stage 2 of 5<ESC>[0m<ESC>[K<CR><ESC>[4A<ESC>[J  
  <ESC>[38;5;75;1m 3/5  <ESC>[0m<ESC>[38;5;75;1m↓ Update<ESC>[0m <ESC>[38;5;25m━━━━━━━━━━━━━━━━━━━━━━━━━━━━━━━━━━━━━━━━━━━━━━━━━━━━━━━━━━━━━━━━━━━━━━━━━━━━━━━━━━━━━━━━━<ESC>[0m<ESC>[38;5;245m 9:00:52 AM<ESC>[0m
<ESC>[?25l  <ESC>[K
   <ESC>[38;5;240m── <ESC>[0m<ESC>[38;5;245mHermes Safe Update<ESC>[0m <ESC>[38;5;240m────────────────────────────────────────────────────────────────────────────<ESC>[0m<ESC>[38;5;245m started 9:00 AM<ESC>[0m<ESC>[K
   <ESC>[38;2;95;175;255m██████<ESC>[0m<ESC>[38;2;95;179;242m██<ESC>[0m<ESC>[38;5;236m████████████████████████████████████████████████<ESC>[0m<ESC>[1m   14%<ESC>[0m<ESC>[38;5;250m   0:52 elapsed · about 9 min left (rough) · 9:09 AM<ESC>[0m<ESC>[K
  <ESC>[38;5;75;1m ► <ESC>[0m<ESC>[1mPausing the gateway<ESC>[0m  0:00<ESC>[38;5;245m  (usually 0:23)<ESC>[0m                                                          <ESC>[38;5;250m step 5 of 19<ESC>[0m<ESC>[K
   <ESC>[38;5;78m√ Check<ESC>[0m<ESC>[38;5;240m ── <ESC>[0m<ESC>[38;5;78m√ Close Hermes<ESC>[0m<ESC>[38;5;240m ── <ESC>[0m<ESC>[38;5;75;1m► Update<ESC>[0m<ESC>[38;5;240m ── <ESC>[0m<ESC>[38;5;245m○ Build<ESC>[0m<ESC>[38;5;240m ── <ESC>[0m<ESC>[38;5;245m○ Finish<ESC>[0m                                         <ESC>[38;5;250m stage 3 of 5<ESC>[0m<ESC>[K<ESC>[?25l<CR><ESC>[4A<ESC>[J  <ESC>[K
   <ESC>[38;5;240m── <ESC>[0m<ESC>[38;5;245mHermes Safe Update<ESC>[0m <ESC>[38;5;240m────────────────────────────────────────────────────────────────────────────<ESC>[0m<ESC>[38;5;245m started 9:00 AM<ESC>[0m<ESC>[K
   <ESC>[38;2;95;175;255m██████<ESC>[0m<ESC>[38;2;95;179;242m████<ESC>[0m<ESC>[38;5;236m██████████████████████████████████████████████<ESC>[0m<ESC>[1m   18%<ESC>[0m<ESC>[38;5;250m   1:12 elapsed · about 8 min left (rough) · 9:09 AM<ESC>[0m<ESC>[K
  <ESC>[38;5;75;1m ► <ESC>[0m<ESC>[1mFetching the new commits<ESC>[0m  0:00<ESC>[38;5;245m  (usually 0:10)<ESC>[0m                                                     <ESC>[38;5;250m step 6 of 19<ESC>[0m<ESC>[K
   <ESC>[38;5;78m√ Check<ESC>[0m<ESC>[38;5;240m ── <ESC>[0m<ESC>[38;5;78m√ Close Hermes<ESC>[0m<ESC>[38;5;240m ── <ESC>[0m<ESC>[38;5;75;1m► Update<ESC>[0m<ESC>[38;5;240m ── <ESC>[0m<ESC>[38;5;245m○ Build<ESC>[0m<ESC>[38;5;240m ── <ESC>[0m<ESC>[38;5;245m○ Finish<ESC>[0m                                         <ESC>[38;5;250m stage 3 of 5<ESC>[0m<ESC>[K<CR><ESC>[4A<ESC>[J     <ESC>[38;5;75;1m» <ESC>[0m<ESC>[38;5;110mcommand  <ESC>[0m<ESC>[38;5;250mhermes update --yes --keep-stash --branch main<ESC>[0m
<ESC>[?25l  <ESC>[K
   <ESC>[38;5;240m── <ESC>[0m<ESC>[38;5;245mHermes Safe Update<ESC>[0m <ESC>[38;5;240m────────────────────────────────────────────────────────────────────────────<ESC>[0m<ESC>[38;5;245m started 9:00 AM<ESC>[0m<ESC>[K
   <ESC>[38;2;95;175;255m██████<ESC>[0m<ESC>[38;2;95;179;242m████<ESC>[0m<ESC>[38;5;236m██████████████████████████████████████████████<ESC>[0m<ESC>[1m   18%<ESC>[0m<ESC>[38;5;250m   1:12 elapsed · about 8 min left (rough) · 9:09 AM<ESC>[0m<ESC>[K
  <ESC>[38;5;75;1m ► <ESC>[0m<ESC>[1mFetching the new commits<ESC>[0m  0:00<ESC>[38;5;245m  (usually 0:10)<ESC>[0m                                                     <ESC>[38;5;250m step 6 of 19<ESC>[0m<ESC>[K
   <ESC>[38;5;78m√ Check<ESC>[0m<ESC>[38;5;240m ── <ESC>[0m<ESC>[38;5;78m√ Close Hermes<ESC>[0m<ESC>[38;5;240m ── <ESC>[0m<ESC>[38;5;75;1m► Update<ESC>[0m<ESC>[38;5;240m ── <ESC>[0m<ESC>[38;5;245m○ Build<ESC>[0m<ESC>[38;5;240m ── <ESC>[0m<ESC>[38;5;245m○ Finish<ESC>[0m                                         <ESC>[38;5;250m stage 3 of 5<ESC>[0m<ESC>[K<CR><ESC>[4A<ESC>[J  <ESC>[38;5;25m   │ <ESC>[0m<ESC>[38;5;75;1m→<ESC>[0m<ESC>[1m Fetching updates...<ESC>[0m
<ESC>[?25l  <ESC>[K
   <ESC>[38;5;240m── <ESC>[0m<ESC>[38;5;245mHermes Safe Update<ESC>[0m <ESC>[38;5;240m────────────────────────────────────────────────────────────────────────────<ESC>[0m<ESC>[38;5;245m started 9:00 AM<ESC>[0m<ESC>[K
   <ESC>[38;2;95;175;255m██████<ESC>[0m<ESC>[38;2;95;179;242m████<ESC>[0m<ESC>[38;5;236m██████████████████████████████████████████████<ESC>[0m<ESC>[1m   18%<ESC>[0m<ESC>[38;5;250m   1:12 elapsed · about 8 min left (rough) · 9:09 AM<ESC>[0m<ESC>[K
  <ESC>[38;5;75;1m ► <ESC>[0m<ESC>[1mFetching the new commits<ESC>[0m  0:00<ESC>[38;5;245m  (usually 0:10)<ESC>[0m                                                     <ESC>[38;5;250m step 6 of 19<ESC>[0m<ESC>[K
   <ESC>[38;5;78m√ Check<ESC>[0m<ESC>[38;5;240m ── <ESC>[0m<ESC>[38;5;78m√ Close Hermes<ESC>[0m<ESC>[38;5;240m ── <ESC>[0m<ESC>[38;5;75;1m► Update<ESC>[0m<ESC>[38;5;240m ── <ESC>[0m<ESC>[38;5;245m○ Build<ESC>[0m<ESC>[38;5;240m ── <ESC>[0m<ESC>[38;5;245m○ Finish<ESC>[0m                                         <ESC>[38;5;250m stage 3 of 5<ESC>[0m<ESC>[K<CR><ESC>[4A<ESC>[J  <ESC>[38;5;25m   │ <ESC>[0m  <ESC>[38;5;78;1m√<ESC>[0m Configuration is up to date
<ESC>[?25l  <ESC>[K
   <ESC>[38;5;240m── <ESC>[0m<ESC>[38;5;245mHermes Safe Update<ESC>[0m <ESC>[38;5;240m────────────────────────────────────────────────────────────────────────────<ESC>[0m<ESC>[38;5;245m started 9:00 AM<ESC>[0m<ESC>[K
   <ESC>[38;2;95;175;255m██████<ESC>[0m<ESC>[38;2;95;179;242m████<ESC>[0m<ESC>[38;5;236m██████████████████████████████████████████████<ESC>[0m<ESC>[1m   18%<ESC>[0m<ESC>[38;5;250m   1:12 elapsed · about 8 min left (rough) · 9:09 AM<ESC>[0m<ESC>[K
  <ESC>[38;5;75;1m ► <ESC>[0m<ESC>[1mFetching the new commits<ESC>[0m  0:00<ESC>[38;5;245m  (usually 0:10)<ESC>[0m                                                     <ESC>[38;5;250m step 6 of 19<ESC>[0m<ESC>[K
   <ESC>[38;5;78m√ Check<ESC>[0m<ESC>[38;5;240m ── <ESC>[0m<ESC>[38;5;78m√ Close Hermes<ESC>[0m<ESC>[38;5;240m ── <ESC>[0m<ESC>[38;5;75;1m► Update<ESC>[0m<ESC>[38;5;240m ── <ESC>[0m<ESC>[38;5;245m○ Build<ESC>[0m<ESC>[38;5;240m ── <ESC>[0m<ESC>[38;5;245m○ Finish<ESC>[0m                                         <ESC>[38;5;250m stage 3 of 5<ESC>[0m<ESC>[K<ESC>[?25l<CR><ESC>[4A<ESC>[J  <ESC>[K
   <ESC>[38;5;240m── <ESC>[0m<ESC>[38;5;245mHermes Safe Update<ESC>[0m <ESC>[38;5;240m────────────────────────────────────────────────────────────────────────────<ESC>[0m<ESC>[38;5;245m started 9:00 AM<ESC>[0m<ESC>[K
   <ESC>[38;2;95;175;255m██████<ESC>[0m<ESC>[38;2;95;179;242m█████<ESC>[0m<ESC>[38;5;236m█████████████████████████████████████████████<ESC>[0m<ESC>[1m   19%<ESC>[0m<ESC>[38;5;250m   1:22 elapsed · about 8 min left (rough) · 9:09 AM<ESC>[0m<ESC>[K
  <ESC>[38;5;75;1m ► <ESC>[0m<ESC>[1mPulling code, clearing caches<ESC>[0m  0:00<ESC>[38;5;245m  (usually 1:30)<ESC>[0m                                                <ESC>[38;5;250m step 7 of 19<ESC>[0m<ESC>[K
   <ESC>[38;5;78m√ Check<ESC>[0m<ESC>[38;5;240m ── <ESC>[0m<ESC>[38;5;78m√ Close Hermes<ESC>[0m<ESC>[38;5;240m ── <ESC>[0m<ESC>[38;5;75;1m► Update<ESC>[0m<ESC>[38;5;240m ── <ESC>[0m<ESC>[38;5;245m○ Build<ESC>[0m<ESC>[38;5;240m ── <ESC>[0m<ESC>[38;5;245m○ Finish<ESC>[0m                                         <ESC>[38;5;250m stage 3 of 5<ESC>[0m<ESC>[K<CR><ESC>[4A<ESC>[J  <ESC>[38;5;25m   │ <ESC>[0m<ESC>[38;5;80;1m»<ESC>[0m Pulling 3 commits
<ESC>[?25l  <ESC>[K
   <ESC>[38;5;240m── <ESC>[0m<ESC>[38;5;245mHermes Safe Update<ESC>[0m <ESC>[38;5;240m────────────────────────────────────────────────────────────────────────────<ESC>[0m<ESC>[38;5;245m started 9:00 AM<ESC>[0m<ESC>[K
   <ESC>[38;2;95;175;255m██████<ESC>[0m<ESC>[38;2;95;179;242m█████<ESC>[0m<ESC>[38;5;236m█████████████████████████████████████████████<ESC>[0m<ESC>[1m   19%<ESC>[0m<ESC>[38;5;250m   1:22 elapsed · about 8 min left (rough) · 9:09 AM<ESC>[0m<ESC>[K
  <ESC>[38;5;75;1m ► <ESC>[0m<ESC>[1mPulling code, clearing caches<ESC>[0m  0:00<ESC>[38;5;245m  (usually 1:30)<ESC>[0m                                                <ESC>[38;5;250m step 7 of 19<ESC>[0m<ESC>[K
   <ESC>[38;5;78m√ Check<ESC>[0m<ESC>[38;5;240m ── <ESC>[0m<ESC>[38;5;78m√ Close Hermes<ESC>[0m<ESC>[38;5;240m ── <ESC>[0m<ESC>[38;5;75;1m► Update<ESC>[0m<ESC>[38;5;240m ── <ESC>[0m<ESC>[38;5;245m○ Build<ESC>[0m<ESC>[38;5;240m ── <ESC>[0m<ESC>[38;5;245m○ Finish<ESC>[0m                                         <ESC>[38;5;250m stage 3 of 5<ESC>[0m<ESC>[K<CR><ESC>[4A<ESC>[J  <ESC>[38;5;25m   │ <ESC>[0m  <ESC>[38;5;221;1m!<ESC>[0m skills sync skipped for 1 profile
<ESC>[?25l  <ESC>[K
   <ESC>[38;5;240m── <ESC>[0m<ESC>[38;5;245mHermes Safe Update<ESC>[0m <ESC>[38;5;240m────────────────────────────────────────────────────────────────────────────<ESC>[0m<ESC>[38;5;245m started 9:00 AM<ESC>[0m<ESC>[K
   <ESC>[38;2;95;175;255m██████<ESC>[0m<ESC>[38;2;95;179;242m█████<ESC>[0m<ESC>[38;5;236m█████████████████████████████████████████████<ESC>[0m<ESC>[1m   19%<ESC>[0m<ESC>[38;5;250m   1:22 elapsed · about 8 min left (rough) · 9:09 AM<ESC>[0m<ESC>[K
  <ESC>[38;5;75;1m ► <ESC>[0m<ESC>[1mPulling code, clearing caches<ESC>[0m  0:00<ESC>[38;5;245m  (usually 1:30)<ESC>[0m                                                <ESC>[38;5;250m step 7 of 19<ESC>[0m<ESC>[K
   <ESC>[38;5;78m√ Check<ESC>[0m<ESC>[38;5;240m ── <ESC>[0m<ESC>[38;5;78m√ Close Hermes<ESC>[0m<ESC>[38;5;240m ── <ESC>[0m<ESC>[38;5;75;1m► Update<ESC>[0m<ESC>[38;5;240m ── <ESC>[0m<ESC>[38;5;245m○ Build<ESC>[0m<ESC>[38;5;240m ── <ESC>[0m<ESC>[38;5;245m○ Finish<ESC>[0m                                         <ESC>[38;5;250m stage 3 of 5<ESC>[0m<ESC>[K<CR><ESC>[4A<ESC>[J     <ESC>[38;5;221;1m! <ESC>[0m<ESC>[38;5;221mthe first sync is slow<ESC>[0m
<ESC>[?25l  <ESC>[K
   <ESC>[38;5;240m── <ESC>[0m<ESC>[38;5;245mHermes Safe Update<ESC>[0m <ESC>[38;5;240m────────────────────────────────────────────────────────────────────────────<ESC>[0m<ESC>[38;5;245m started 9:00 AM<ESC>[0m<ESC>[K
   <ESC>[38;2;95;175;255m██████<ESC>[0m<ESC>[38;2;95;179;242m█████<ESC>[0m<ESC>[38;5;236m█████████████████████████████████████████████<ESC>[0m<ESC>[1m   19%<ESC>[0m<ESC>[38;5;250m   1:22 elapsed · about 8 min left (rough) · 9:09 AM<ESC>[0m<ESC>[K
  <ESC>[38;5;75;1m ► <ESC>[0m<ESC>[1mPulling code, clearing caches<ESC>[0m  0:00<ESC>[38;5;245m  (usually 1:30)<ESC>[0m                                                <ESC>[38;5;250m step 7 of 19<ESC>[0m<ESC>[K
   <ESC>[38;5;78m√ Check<ESC>[0m<ESC>[38;5;240m ── <ESC>[0m<ESC>[38;5;78m√ Close Hermes<ESC>[0m<ESC>[38;5;240m ── <ESC>[0m<ESC>[38;5;75;1m► Update<ESC>[0m<ESC>[38;5;240m ── <ESC>[0m<ESC>[38;5;245m○ Build<ESC>[0m<ESC>[38;5;240m ── <ESC>[0m<ESC>[38;5;245m○ Finish<ESC>[0m                                         <ESC>[38;5;250m stage 3 of 5<ESC>[0m<ESC>[K<ESC>[?25l<CR><ESC>[4A<ESC>[J  <ESC>[K
   <ESC>[38;5;240m── <ESC>[0m<ESC>[38;5;245mHermes Safe Update<ESC>[0m <ESC>[38;5;240m────────────────────────────────────────────────────────────────────────────<ESC>[0m<ESC>[38;5;245m started 9:00 AM<ESC>[0m<ESC>[K
   <ESC>[38;2;95;175;255m██████<ESC>[0m<ESC>[38;2;95;179;242m██████<ESC>[0m<ESC>[38;2;95;184;229m██████<ESC>[0m<ESC>[38;2;95;188;216m█<ESC>[0m<ESC>[38;5;236m█████████████████████████████████████<ESC>[0m<ESC>[1m   33%<ESC>[0m<ESC>[38;5;250m   2:52 elapsed · about 7 min left (rough) · 9:10 AM<ESC>[0m<ESC>[K
  <ESC>[38;5;75;1m ► <ESC>[0m<ESC>[1mPulling code, clearing caches<ESC>[0m  1:30<ESC>[38;5;245m  (usually 1:30)<ESC>[0m                                                <ESC>[38;5;250m step 7 of 19<ESC>[0m<ESC>[K
   <ESC>[38;5;78m√ Check<ESC>[0m<ESC>[38;5;240m ── <ESC>[0m<ESC>[38;5;78m√ Close Hermes<ESC>[0m<ESC>[38;5;240m ── <ESC>[0m<ESC>[38;5;75;1m► Update<ESC>[0m<ESC>[38;5;240m ── <ESC>[0m<ESC>[38;5;245m○ Build<ESC>[0m<ESC>[38;5;240m ── <ESC>[0m<ESC>[38;5;245m○ Finish<ESC>[0m                                         <ESC>[38;5;250m stage 3 of 5<ESC>[0m<ESC>[K<CR><ESC>[4A<ESC>[J  
  <ESC>[38;5;141;1m 4/5  <ESC>[0m<ESC>[38;5;141;1m≡ Build<ESC>[0m <ESC>[38;5;97m━━━━━━━━━━━━━━━━━━━━━━━━━━━━━━━━━━━━━━━━━━━━━━━━━━━━━━━━━━━━━━━━━━━━━━━━━━━━━━━━━━━━━━━━━━<ESC>[0m<ESC>[38;5;245m 9:02:52 AM<ESC>[0m
<ESC>[?25l  <ESC>[K
   <ESC>[38;5;240m── <ESC>[0m<ESC>[38;5;245mHermes Safe Update<ESC>[0m <ESC>[38;5;240m────────────────────────────────────────────────────────────────────────────<ESC>[0m<ESC>[38;5;245m started 9:00 AM<ESC>[0m<ESC>[K
   <ESC>[38;2;95;175;255m██████<ESC>[0m<ESC>[38;2;95;179;242m██████<ESC>[0m<ESC>[38;2;95;184;229m██████<ESC>[0m<ESC>[38;2;95;188;216m████<ESC>[0m<ESC>[38;5;236m██████████████████████████████████<ESC>[0m<ESC>[1m   38%<ESC>[0m<ESC>[38;5;250m   2:52 elapsed · about 6 min left (rough) · 9:08 AM<ESC>[0m<ESC>[K
  <ESC>[38;5;141;1m ► <ESC>[0m<ESC>[1mBuilding the TUI and web UI<ESC>[0m  0:00<ESC>[38;5;245m  (usually 0:25)<ESC>[0m                                                  <ESC>[38;5;250m step 8 of 18<ESC>[0m<ESC>[K
   <ESC>[38;5;78m√ Check<ESC>[0m<ESC>[38;5;240m ── <ESC>[0m<ESC>[38;5;78m√ Close Hermes<ESC>[0m<ESC>[38;5;240m ── <ESC>[0m<ESC>[38;5;78m√ Update<ESC>[0m<ESC>[38;5;240m ── <ESC>[0m<ESC>[38;5;141;1m► Build<ESC>[0m<ESC>[38;5;240m ── <ESC>[0m<ESC>[38;5;245m○ Finish<ESC>[0m                                         <ESC>[38;5;250m stage 4 of 5<ESC>[0m<ESC>[K<ESC>[?25l<CR><ESC>[4A<ESC>[J  <ESC>[K
   <ESC>[38;5;240m── <ESC>[0m<ESC>[38;5;245mHermes Safe Update<ESC>[0m <ESC>[38;5;240m────────────────────────────────────────────────────────────────────────────<ESC>[0m<ESC>[38;5;245m started 9:00 AM<ESC>[0m<ESC>[K
   <ESC>[38;2;95;175;255m██████<ESC>[0m<ESC>[38;2;95;179;242m██████<ESC>[0m<ESC>[38;2;95;184;229m██████<ESC>[0m<ESC>[38;2;95;188;216m██████<ESC>[0m<ESC>[38;5;236m████████████████████████████████<ESC>[0m<ESC>[1m   43%<ESC>[0m<ESC>[38;5;250m   3:17 elapsed · about 5 min left (rough) · 9:08 AM<ESC>[0m<ESC>[K
  <ESC>[38;5;141;1m ► <ESC>[0m<ESC>[1mBuilding the desktop app<ESC>[0m  0:00<ESC>[38;5;245m  (usually 3:30)<ESC>[0m                                                     <ESC>[38;5;250m step 9 of 18<ESC>[0m<ESC>[K
   <ESC>[38;5;78m√ Check<ESC>[0m<ESC>[38;5;240m ── <ESC>[0m<ESC>[38;5;78m√ Close Hermes<ESC>[0m<ESC>[38;5;240m ── <ESC>[0m<ESC>[38;5;78m√ Update<ESC>[0m<ESC>[38;5;240m ── <ESC>[0m<ESC>[38;5;141;1m► Build<ESC>[0m<ESC>[38;5;240m ── <ESC>[0m<ESC>[38;5;245m○ Finish<ESC>[0m                                         <ESC>[38;5;250m stage 4 of 5<ESC>[0m<ESC>[K<ESC>[?25l<CR><ESC>[4A<ESC>[J  <ESC>[K
   <ESC>[38;5;240m── <ESC>[0m<ESC>[38;5;245mHermes Safe Update<ESC>[0m <ESC>[38;5;240m────────────────────────────────────────────────────────────────────────────<ESC>[0m<ESC>[38;5;245m started 9:00 AM<ESC>[0m<ESC>[K
   <ESC>[38;2;95;175;255m██████<ESC>[0m<ESC>[38;2;95;179;242m██████<ESC>[0m<ESC>[38;2;95;184;229m██████<ESC>[0m<ESC>[38;2;95;188;216m██████<ESC>[0m<ESC>[38;2;95;192;203m██████<ESC>[0m<ESC>[38;2;95;197;190m██████<ESC>[0m<ESC>[38;2;95;201;176m██████<ESC>[0m<ESC>[38;2;95;206;163m███<ESC>[0m<ESC>[38;5;236m███████████<ESC>[0m<ESC>[1m   80%<ESC>[0m<ESC>[38;5;250m   6:37 elapsed · about 2 min left (rough) · 9:08 AM<ESC>[0m<ESC>[K
  <ESC>[38;5;141;1m ► <ESC>[0m<ESC>[1mBuilding the desktop app<ESC>[0m  3:20<ESC>[38;5;245m  (usually 3:30)<ESC>[0m                                                     <ESC>[38;5;250m step 9 of 18<ESC>[0m<ESC>[K
   <ESC>[38;5;78m√ Check<ESC>[0m<ESC>[38;5;240m ── <ESC>[0m<ESC>[38;5;78m√ Close Hermes<ESC>[0m<ESC>[38;5;240m ── <ESC>[0m<ESC>[38;5;78m√ Update<ESC>[0m<ESC>[38;5;240m ── <ESC>[0m<ESC>[38;5;141;1m► Build<ESC>[0m<ESC>[38;5;240m ── <ESC>[0m<ESC>[38;5;245m○ Finish<ESC>[0m                                         <ESC>[38;5;250m stage 4 of 5<ESC>[0m<ESC>[K<CR><ESC>[4A<ESC>[J  
  <ESC>[38;5;78;1m 5/5  <ESC>[0m<ESC>[38;5;78;1m♦ Finish<ESC>[0m <ESC>[38;5;29m━━━━━━━━━━━━━━━━━━━━━━━━━━━━━━━━━━━━━━━━━━━━━━━━━━━━━━━━━━━━━━━━━━━━━━━━━━━━━━━━━━━━━━━━━<ESC>[0m<ESC>[38;5;245m 9:06:37 AM<ESC>[0m
<ESC>[?25l  <ESC>[K
   <ESC>[38;5;240m── <ESC>[0m<ESC>[38;5;245mHermes Safe Update<ESC>[0m <ESC>[38;5;240m────────────────────────────────────────────────────────────────────────────<ESC>[0m<ESC>[38;5;245m started 9:00 AM<ESC>[0m<ESC>[K
   <ESC>[38;2;95;175;255m██████<ESC>[0m<ESC>[38;2;95;179;242m██████<ESC>[0m<ESC>[38;2;95;184;229m██████<ESC>[0m<ESC>[38;2;95;188;216m██████<ESC>[0m<ESC>[38;2;95;192;203m██████<ESC>[0m<ESC>[38;2;95;197;190m██████<ESC>[0m<ESC>[38;2;95;201;176m██████<ESC>[0m<ESC>[38;2;95;206;163m██████<ESC>[0m<ESC>[38;2;95;210;150m████<ESC>[0m<ESC>[38;5;236m████<ESC>[0m<ESC>[1m   92%<ESC>[0m<ESC>[38;5;250m          6:37 elapsed · under a minute left (rough)<ESC>[0m<ESC>[K
  <ESC>[38;5;78;1m ► <ESC>[0m<ESC>[1mVerifying the new version<ESC>[0m  0:00<ESC>[38;5;245m  (usually 0:05)<ESC>[0m                                                   <ESC>[38;5;250m step 10 of 15<ESC>[0m<ESC>[K
   <ESC>[38;5;78m√ Check<ESC>[0m<ESC>[38;5;240m ── <ESC>[0m<ESC>[38;5;78m√ Close Hermes<ESC>[0m<ESC>[38;5;240m ── <ESC>[0m<ESC>[38;5;78m√ Update<ESC>[0m<ESC>[38;5;240m ── <ESC>[0m<ESC>[38;5;78m√ Build<ESC>[0m<ESC>[38;5;240m ── <ESC>[0m<ESC>[38;5;78;1m► Finish<ESC>[0m                                         <ESC>[38;5;250m stage 5 of 5<ESC>[0m<ESC>[K<CR><ESC>[4A<ESC>[J  
  <ESC>[38;5;78;1m √ <ESC>[0m<ESC>[38;5;78;1mVerify<ESC>[0m <ESC>[38;5;29m──────────────────────────────────────────────────────────────────────────────────────────────<ESC>[0m<ESC>[38;5;245m 9:06:37 AM<ESC>[0m
<ESC>[?25l  <ESC>[K
   <ESC>[38;5;240m── <ESC>[0m<ESC>[38;5;245mHermes Safe Update<ESC>[0m <ESC>[38;5;240m────────────────────────────────────────────────────────────────────────────<ESC>[0m<ESC>[38;5;245m started 9:00 AM<ESC>[0m<ESC>[K
   <ESC>[38;2;95;175;255m██████<ESC>[0m<ESC>[38;2;95;179;242m██████<ESC>[0m<ESC>[38;2;95;184;229m██████<ESC>[0m<ESC>[38;2;95;188;216m██████<ESC>[0m<ESC>[38;2;95;192;203m██████<ESC>[0m<ESC>[38;2;95;197;190m██████<ESC>[0m<ESC>[38;2;95;201;176m██████<ESC>[0m<ESC>[38;2;95;206;163m██████<ESC>[0m<ESC>[38;2;95;210;150m████<ESC>[0m<ESC>[38;5;236m████<ESC>[0m<ESC>[1m   92%<ESC>[0m<ESC>[38;5;250m          6:37 elapsed · under a minute left (rough)<ESC>[0m<ESC>[K
  <ESC>[38;5;78;1m ► <ESC>[0m<ESC>[1mVerifying the new version<ESC>[0m  0:00<ESC>[38;5;245m  (usually 0:05)<ESC>[0m                                                   <ESC>[38;5;250m step 10 of 15<ESC>[0m<ESC>[K
   <ESC>[38;5;78m√ Check<ESC>[0m<ESC>[38;5;240m ── <ESC>[0m<ESC>[38;5;78m√ Close Hermes<ESC>[0m<ESC>[38;5;240m ── <ESC>[0m<ESC>[38;5;78m√ Update<ESC>[0m<ESC>[38;5;240m ── <ESC>[0m<ESC>[38;5;78m√ Build<ESC>[0m<ESC>[38;5;240m ── <ESC>[0m<ESC>[38;5;78;1m► Finish<ESC>[0m                                         <ESC>[38;5;250m stage 5 of 5<ESC>[0m<ESC>[K<CR><ESC>[4A<ESC>[J  <ESC>[38;5;29m   │ <ESC>[0m<ESC>[38;5;78;1m<ESC>[38;5;78;1m√<ESC>[0m Update complete! (v0.21.5+4156.g34e09bf → v0.21.5+4160.g1b8569f)<ESC>[0m
<ESC>[?25l  <ESC>[K
   <ESC>[38;5;240m── <ESC>[0m<ESC>[38;5;245mHermes Safe Update<ESC>[0m <ESC>[38;5;240m────────────────────────────────────────────────────────────────────────────<ESC>[0m<ESC>[38;5;245m started 9:00 AM<ESC>[0m<ESC>[K
   <ESC>[38;2;95;175;255m██████<ESC>[0m<ESC>[38;2;95;179;242m██████<ESC>[0m<ESC>[38;2;95;184;229m██████<ESC>[0m<ESC>[38;2;95;188;216m██████<ESC>[0m<ESC>[38;2;95;192;203m██████<ESC>[0m<ESC>[38;2;95;197;190m██████<ESC>[0m<ESC>[38;2;95;201;176m██████<ESC>[0m<ESC>[38;2;95;206;163m██████<ESC>[0m<ESC>[38;2;95;210;150m████<ESC>[0m<ESC>[38;5;236m████<ESC>[0m<ESC>[1m   92%<ESC>[0m<ESC>[38;5;250m          6:37 elapsed · under a minute left (rough)<ESC>[0m<ESC>[K
  <ESC>[38;5;78;1m ► <ESC>[0m<ESC>[1mVerifying the new version<ESC>[0m  0:00<ESC>[38;5;245m  (usually 0:05)<ESC>[0m                                                   <ESC>[38;5;250m step 10 of 15<ESC>[0m<ESC>[K
   <ESC>[38;5;78m√ Check<ESC>[0m<ESC>[38;5;240m ── <ESC>[0m<ESC>[38;5;78m√ Close Hermes<ESC>[0m<ESC>[38;5;240m ── <ESC>[0m<ESC>[38;5;78m√ Update<ESC>[0m<ESC>[38;5;240m ── <ESC>[0m<ESC>[38;5;78m√ Build<ESC>[0m<ESC>[38;5;240m ── <ESC>[0m<ESC>[38;5;78;1m► Finish<ESC>[0m                                         <ESC>[38;5;250m stage 5 of 5<ESC>[0m<ESC>[K<CR><ESC>[4A<ESC>[J  <ESC>[38;5;78;1m   √ <ESC>[0m<ESC>[38;5;78;1mOK<ESC>[0m
<ESC>[?25l  <ESC>[K
   <ESC>[38;5;240m── <ESC>[0m<ESC>[38;5;245mHermes Safe Update<ESC>[0m <ESC>[38;5;240m────────────────────────────────────────────────────────────────────────────<ESC>[0m<ESC>[38;5;245m started 9:00 AM<ESC>[0m<ESC>[K
   <ESC>[38;2;95;175;255m██████<ESC>[0m<ESC>[38;2;95;179;242m██████<ESC>[0m<ESC>[38;2;95;184;229m██████<ESC>[0m<ESC>[38;2;95;188;216m██████<ESC>[0m<ESC>[38;2;95;192;203m██████<ESC>[0m<ESC>[38;2;95;197;190m██████<ESC>[0m<ESC>[38;2;95;201;176m██████<ESC>[0m<ESC>[38;2;95;206;163m██████<ESC>[0m<ESC>[38;2;95;210;150m████<ESC>[0m<ESC>[38;5;236m████<ESC>[0m<ESC>[1m   92%<ESC>[0m<ESC>[38;5;250m          6:37 elapsed · under a minute left (rough)<ESC>[0m<ESC>[K
  <ESC>[38;5;78;1m ► <ESC>[0m<ESC>[1mVerifying the new version<ESC>[0m  0:00<ESC>[38;5;245m  (usually 0:05)<ESC>[0m                                                   <ESC>[38;5;250m step 10 of 15<ESC>[0m<ESC>[K
   <ESC>[38;5;78m√ Check<ESC>[0m<ESC>[38;5;240m ── <ESC>[0m<ESC>[38;5;78m√ Close Hermes<ESC>[0m<ESC>[38;5;240m ── <ESC>[0m<ESC>[38;5;78m√ Update<ESC>[0m<ESC>[38;5;240m ── <ESC>[0m<ESC>[38;5;78m√ Build<ESC>[0m<ESC>[38;5;240m ── <ESC>[0m<ESC>[38;5;78;1m► Finish<ESC>[0m                                         <ESC>[38;5;250m stage 5 of 5<ESC>[0m<ESC>[K<ESC>[?25l<CR><ESC>[4A<ESC>[J  <ESC>[K
   <ESC>[38;5;240m── <ESC>[0m<ESC>[38;5;245mHermes Safe Update<ESC>[0m <ESC>[38;5;240m────────────────────────────────────────────────────────────────────────────<ESC>[0m<ESC>[38;5;245m started 9:00 AM<ESC>[0m<ESC>[K
   <ESC>[38;2;95;175;255m██████<ESC>[0m<ESC>[38;2;95;179;242m██████<ESC>[0m<ESC>[38;2;95;184;229m██████<ESC>[0m<ESC>[38;2;95;188;216m██████<ESC>[0m<ESC>[38;2;95;192;203m██████<ESC>[0m<ESC>[38;2;95;197;190m██████<ESC>[0m<ESC>[38;2;95;201;176m██████<ESC>[0m<ESC>[38;2;95;206;163m██████<ESC>[0m<ESC>[38;2;95;210;150m██████<ESC>[0m<ESC>[38;2;95;214;137m█<ESC>[0m<ESC>[38;5;236m█<ESC>[0m<ESC>[1m   98%<ESC>[0m<ESC>[38;5;250m          6:42 elapsed · under a minute left (rough)<ESC>[0m<ESC>[K
  <ESC>[38;5;78;1m ► <ESC>[0m<ESC>[1mRefreshing cua-driver<ESC>[0m  0:00<ESC>[38;5;245m  (usually 0:07)<ESC>[0m                                                       <ESC>[38;5;250m step 11 of 11<ESC>[0m<ESC>[K
   <ESC>[38;5;78m√ Check<ESC>[0m<ESC>[38;5;240m ── <ESC>[0m<ESC>[38;5;78m√ Close Hermes<ESC>[0m<ESC>[38;5;240m ── <ESC>[0m<ESC>[38;5;78m√ Update<ESC>[0m<ESC>[38;5;240m ── <ESC>[0m<ESC>[38;5;78m√ Build<ESC>[0m<ESC>[38;5;240m ── <ESC>[0m<ESC>[38;5;78;1m► Finish<ESC>[0m                                         <ESC>[38;5;250m stage 5 of 5<ESC>[0m<ESC>[K<ESC>[?25l<CR><ESC>[4A<ESC>[J  <ESC>[K
   <ESC>[38;5;240m── <ESC>[0m<ESC>[38;5;245mHermes Safe Update<ESC>[0m <ESC>[38;5;240m────────────────────────────────────────────────────────────────────────────<ESC>[0m<ESC>[38;5;245m started 9:00 AM<ESC>[0m<ESC>[K
   <ESC>[38;2;95;175;255m██████<ESC>[0m<ESC>[38;2;95;179;242m██████<ESC>[0m<ESC>[38;2;95;184;229m██████<ESC>[0m<ESC>[38;2;95;188;216m██████<ESC>[0m<ESC>[38;2;95;192;203m██████<ESC>[0m<ESC>[38;2;95;197;190m██████<ESC>[0m<ESC>[38;2;95;201;176m██████<ESC>[0m<ESC>[38;2;95;206;163m██████<ESC>[0m<ESC>[38;2;95;210;150m██████<ESC>[0m<ESC>[38;2;95;214;137m██<ESC>[0m<ESC>[1m  100%<ESC>[0m<ESC>[38;5;250m                                        done in 6:45<ESC>[0m<ESC>[K
  <ESC>[38;5;78;1m √ <ESC>[0mFinished<ESC>[K
   <ESC>[38;5;78m√ Check<ESC>[0m<ESC>[38;5;240m ── <ESC>[0m<ESC>[38;5;78m√ Close Hermes<ESC>[0m<ESC>[38;5;240m ── <ESC>[0m<ESC>[38;5;78m√ Update<ESC>[0m<ESC>[38;5;240m ── <ESC>[0m<ESC>[38;5;78m√ Build<ESC>[0m<ESC>[38;5;240m ── <ESC>[0m<ESC>[38;5;78m√ Finish<ESC>[0m                                      <ESC>[38;5;250m all stages done<ESC>[0m<ESC>[K<CR><ESC>[4A<ESC>[J  
     <ESC>[38;5;78;1m√ Hermes is updated and verified.<ESC>[0m
     <ESC>[38;5;242m● <ESC>[0m<ESC>[38;5;110mVersion        <ESC>[0m<ESC>[38;5;183mv0.21.5+4156.g34e09bf<ESC>[0m → <ESC>[38;5;183mv0.21.5+4160.g1b8569f<ESC>[0m  (<ESC>[1m3<ESC>[0m commits)
     <ESC>[38;5;242m● <ESC>[0m<ESC>[38;5;110mTime           <ESC>[0m<ESC>[1m5<ESC>[0m:<ESC>[1m19<ESC>[0m until Hermes reopened  (estimate was <ESC>[1m6<ESC>[0m:<ESC>[1m26<ESC>[0m)
     <ESC>[38;5;242m● <ESC>[0m<ESC>[38;5;110mSource         <ESC>[0mlocal mirror, refreshed <ESC>[1m10 min<ESC>[0m ago
     <ESC>[38;5;242m● <ESC>[0m<ESC>[38;5;110mWarnings       <ESC>[0m<ESC>[1m1<ESC>[0m (see above)
     <ESC>[38;5;242m● <ESC>[0m<ESC>[38;5;110mLog            <ESC>[0mC:\Users\you\AppData\Local\hermes\logs\safe-update.log
<ESC>[?25l  <ESC>[K
   <ESC>[38;5;240m── <ESC>[0m<ESC>[38;5;245mHermes Safe Update<ESC>[0m <ESC>[38;5;240m────────────────────────────────────────────────────────────────────────────<ESC>[0m<ESC>[38;5;245m started 9:00 AM<ESC>[0m<ESC>[K
   <ESC>[38;2;95;175;255m██████<ESC>[0m<ESC>[38;2;95;179;242m██████<ESC>[0m<ESC>[38;2;95;184;229m██████<ESC>[0m<ESC>[38;2;95;188;216m██████<ESC>[0m<ESC>[38;2;95;192;203m██████<ESC>[0m<ESC>[38;2;95;197;190m██████<ESC>[0m<ESC>[38;2;95;201;176m██████<ESC>[0m<ESC>[38;2;95;206;163m██████<ESC>[0m<ESC>[38;2;95;210;150m██████<ESC>[0m<ESC>[38;2;95;214;137m██<ESC>[0m<ESC>[1m  100%<ESC>[0m<ESC>[38;5;250m                                        done in 6:45<ESC>[0m<ESC>[K
  <ESC>[38;5;78;1m √ <ESC>[0mFinished<ESC>[K
   <ESC>[38;5;78m√ Check<ESC>[0m<ESC>[38;5;240m ── <ESC>[0m<ESC>[38;5;78m√ Close Hermes<ESC>[0m<ESC>[38;5;240m ── <ESC>[0m<ESC>[38;5;78m√ Update<ESC>[0m<ESC>[38;5;240m ── <ESC>[0m<ESC>[38;5;78m√ Build<ESC>[0m<ESC>[38;5;240m ── <ESC>[0m<ESC>[38;5;78m√ Finish<ESC>[0m                                      <ESC>[38;5;250m all stages done<ESC>[0m<ESC>[K<ESC>[?25l<CR><ESC>[4A<ESC>[J  <ESC>[K
   <ESC>[38;5;240m── <ESC>[0m<ESC>[38;5;245mHermes Safe Update<ESC>[0m <ESC>[38;5;240m────────────────────────────────────────────────────────────────────────────<ESC>[0m<ESC>[38;5;245m started 9:00 AM<ESC>[0m<ESC>[K
   <ESC>[38;2;95;175;255m██████<ESC>[0m<ESC>[38;2;95;179;242m██████<ESC>[0m<ESC>[38;2;95;184;229m██████<ESC>[0m<ESC>[38;2;95;188;216m██████<ESC>[0m<ESC>[38;2;95;192;203m██████<ESC>[0m<ESC>[38;2;95;197;190m██████<ESC>[0m<ESC>[38;2;95;201;176m██████<ESC>[0m<ESC>[38;2;95;206;163m██████<ESC>[0m<ESC>[38;2;95;210;150m██████<ESC>[0m<ESC>[38;2;95;214;137m██<ESC>[0m<ESC>[1m  100%<ESC>[0m<ESC>[38;5;250m                                        done in 6:45<ESC>[0m<ESC>[K
  <ESC>[38;5;78;1m √ <ESC>[0mFinished<ESC>[K
   <ESC>[38;5;78m√ Check<ESC>[0m<ESC>[38;5;240m ── <ESC>[0m<ESC>[38;5;78m√ Close Hermes<ESC>[0m<ESC>[38;5;240m ── <ESC>[0m<ESC>[38;5;78m√ Update<ESC>[0m<ESC>[38;5;240m ── <ESC>[0m<ESC>[38;5;78m√ Build<ESC>[0m<ESC>[38;5;240m ── <ESC>[0m<ESC>[38;5;78m√ Finish<ESC>[0m                                      <ESC>[38;5;250m all stages done<ESC>[0m<ESC>[K
<ESC>[?25h<ESC>[0m
